// Jest Snapshot v1, https://goo.gl/fbAQLP

exports[`404 renders correctly 1`] = `
<div>
  <main>
    <section
      class="css-gmeh3j elghiqq0"
    >
      <div
        class="e7r6m60 css-1jg1okq elghiqq0"
      >
        <h1
          class="css-1w67auk e19le4zx0"
        >
          404 | Page not found.
        </h1>
        <br />
        <h4
          class="css-1w67auk e19le4zx0"
        >
          Uh - Oh! Apologies, looks like the something you were looking for has been lost to oblivion.
        </h4>
        <br />
        <h4
          class="css-1w67auk e19le4zx0"
        >
          Why don't you checkout 
           
          <a
            class="css-3r9jsu"
            href="/"
          >
            something interesting instead
          </a>
          .
        </h4>
      </div>
    </section>
  </main>
</div>
`;
