// Jest Snapshot v1, https://goo.gl/fbAQLP

exports[`404 renders correctly 1`] = `
<div
  class="css-j5d3g2 elghiqq0"
>
  <main>
    <section
      class="css-lfmnds elghiqq0"
    >
      <div
        class="e7r6m60 css-qy9guf elghiqq0"
      >
        <h1
          class="css-ag4m3s e19le4zx0"
        >
          404 | Page not found.
        </h1>
        <br />
        <h4
          class="css-liwlp e19le4zx0"
        >
          Uh - Oh! Apologies, looks like the something you were looking for has been lost to oblivion.
        </h4>
        <br />
        <h4
          class="css-liwlp e19le4zx0"
        >
          Why don't you checkout 
           
          <a
            class="css-3r9jsu"
            href="/"
          >
            something interesting instead
          </a>
          .
        </h4>
      </div>
    </section>
  </main>
  <footer>
    <section
      class="css-lfmnds elghiqq0"
    >
      <nav
        class="css-1qi8egd-PrimaryNav e1befqft0"
      >
        <a
          aria-label="Twitter"
          class="e1befqft1 css-6malhj e70ypka2"
          data-index="0"
          href="https://twitter.com/raisedadead"
          rel="me"
          target="_blank"
        >
          <span
            class="css-1xssqnp e70ypka1"
          >
            <span
              class="css-1sp7cuy e70ypka0"
            >
              <span
                class="css-gh8y4m e1i5p1da0"
              >
                <i
                  class="fa"
                />
              </span>
            </span>
          </span>
        </a>
        <a
          aria-label="GitHub"
          class="e1befqft1 css-6malhj e70ypka2"
          data-index="1"
          href="https://github.com/raisedadead"
          rel="me"
          target="_blank"
        >
          <span
            class="css-1xssqnp e70ypka1"
          >
            <span
              class="css-1sp7cuy e70ypka0"
            >
              <span
                class="css-gh8y4m e1i5p1da0"
              >
                <i
                  class="fa"
                />
              </span>
            </span>
          </span>
        </a>
        <a
          aria-label="LinkedIn"
          class="e1befqft1 css-6malhj e70ypka2"
          data-index="2"
          href="https://linkedin.com/in/mrugeshm"
          rel="noopener noreferrer"
          target="_blank"
        >
          <span
            class="css-1xssqnp e70ypka1"
          >
            <span
              class="css-1sp7cuy e70ypka0"
            >
              <span
                class="css-gh8y4m e1i5p1da0"
              >
                <i
                  class="fa"
                />
              </span>
            </span>
          </span>
        </a>
      </nav>
      <h6
        class="css-8fqmjh e19le4zx0"
      >
         
        © 
        2020
         Mrugesh Mohapatra.
      </h6>
    </section>
  </footer>
</div>
`;
