// Jest Snapshot v1, https://goo.gl/fbAQLP

exports[`AppDescription renders correctly -- according to react-test-renderer 1`] = `
<section>
  <p
    data-testid="app-description"
  >
    This is a Gatsbyjs starter that I use to test things and practice.  You are welcome to look around for examples how to use many Gatsby plugins and utilities.
  </p>
  <code
    className="block"
  >
    $ gatsby new my-website https://github.com/DavidSabine/gatsby-starter
    <br />
    # these commands presume that you have node, yarn, git, and gatsby-cli
    <br />
    # visit the readme at 
    <a
      href="//github.com/DavidSabine/gatsby-starter/blob/master/README.md"
      onClick={[Function]}
    >
      github.com/DavidSabine/gatsby-starter
    </a>
  </code>
  <p>
    To see it all in action, then run the following:
  </p>
  <code
    className="block"
  >
    $ yarn
    <br />
    $ yarn develop # then go to http://localhost:8000 in your browser
    <br />
  </code>
  <p>
    To see the tests run, use...
  </p>
  <code
    className="block"
  >
    $ yarn test
    <br />
    $ yarn test:e2e
    <br />
  </code>
  <p>
    The demo of this starter is at 
    <a
      href="//gatsby-starter.davesabine.com"
      onClick={[Function]}
    >
      gatsby-starter.davesabine.com
    </a>
     and the full source code is at 
    <a
      href="//github.com/DavidSabine/gatsby-starter"
      onClick={[Function]}
    >
      github.com/DavidSabine/gatsby-starter
    </a>
    .
  </p>
</section>
`;
