// Jest Snapshot v1, https://goo.gl/fbAQLP

exports[`HomeContent renders correctly -- according to react-test-renderer 1`] = `
<div>
  <header>
    <h1>
      mrugesh mohapatra
    </h1>
  </header>
  <main>
    <h2>
      developer. music addict. open source enthusiast. noob photographer.
    </h2>
    <p>
      Developer Advocate at freeCodeCamp.org
    </p>
  </main>
</div>
`;
